﻿
> renoto@0.0.0 build
> tsc -b && vite build

[36mvite v8.0.0-beta.18 [32mbuilding client environment for production...[36m[39m
[2K
transforming...Γ£ô 1792 modules transformed.
rendering chunks...
computing gzip size...
dist/registerSW.js                0.13 kB
dist/manifest.webmanifest         0.37 kB
dist/index.html                   1.24 kB Γöé gzip:   0.57 kB
dist/assets/index-WD1JbkfQ.css   41.55 kB Γöé gzip:   7.25 kB
dist/assets/index-BL2fWnyv.js   510.70 kB Γöé gzip: 141.18 kB

[32mΓ£ô built in 492ms[39m
node.exe : [33m[plugin 
builtin:vite-reporter] 
At line:1 char:1
+ & "C:\Program 
Files\nodejs/node.exe" 
"C:\Program 
Files\nodejs/node_mo ...
+ ~~~~~~~~~~~~~~~~~~~~~~~~~~~
~~~~~~~~~~~~~~~~~~~~~~~~~~~~~
~~~~~~~~~~~~~
    + CategoryInfo           
   : NotSpecified: ([33m[p  
  lugin builtin:vite-repor   
 ter] :String) [], Remote    
Exception
    + FullyQualifiedErrorId  
   : NativeCommandError
 
(!) Some chunks are larger 
than 500 kB after 
minification. Consider:
- Using dynamic import() to 
code-split the application
- Use build.rolldownOptions.o
utput.codeSplitting to 
improve chunking: https://rol
ldown.rs/reference/OutputOpti
ons.codeSplitting
- Adjust chunk size limit 
for this warning via build.ch
unkSizeWarningLimit.[39m

PWA v1.2.0
mode      generateSW
precache  7 entries (540.66 KiB)
files generated
  dist/sw.js
  dist/workbox-8c29f6e4.js
